
> web@0.1.0 build
> next build

node.exe : [baseline-browser-mapping] The data in this module is over two months old.  To ensure accurate Baseline data, please update: `npm i 
baseline-browser-mapping@latest -D`
At line:1 char:1
+ & "C:\Program Files\nodejs/node.exe" "C:\Users\PC\AppData\Roaming\npm ...
+ ~~~~~~~~~~~~~~~~~~~~~~~~~~~~~~~~~~~~~~~~~~~~~~~~~~~~~~~~~~~~~~~~~~~~~
    + CategoryInfo          : NotSpecified: ([baseline-brows...ping@latest -D`:String) [], RemoteException
    + FullyQualifiedErrorId : NativeCommandError
 
 ΓÜá Warning: Next.js inferred your workspace root, but it may not be correct.
 We detected multiple lockfiles and selected the directory of C:\proCarWash\package-lock.json as the root directory.
 To silence this warning, set `turbopack.root` in your Next.js config, or consider removing one of the lockfiles if it's not needed.
   See https://nextjs.org/docs/app/api-reference/config/next-config-js/turbopack#root-directory for more information.
 Detected additional lockfiles: 
   * C:\proCarWash\web\package-lock.json

   Γû▓ Next.js 16.0.7 (Turbopack)
   - Environments: .env
   - Experiments (use with caution):
     ┬╖ serverActions

   Creating an optimized production build ...
[baseline-browser-mapping] The data in this module is over two months old.  To ensure accurate Baseline data, please update: `npm i 
baseline-browser-mapping@latest -D`
 Γ£ô Compiled successfully in 3.9s
   Running TypeScript ...
Failed to compile.

./src/app/admin/zones/ZoneMapPicker.tsx:8:16
Type error: Cannot find module 'leaflet/dist/leaflet.css' or its corresponding type declarations.

[0m [90m  6 |[39m [36mconst[39m loadLeaflet [33m=[39m [36masync[39m () [33m=>[39m {
 [90m  7 |[39m   [36mconst[39m [33mL[39m [33m=[39m ([36mawait[39m 
[36mimport[39m([32m'leaflet'[39m))[33m.[39m[36mdefault[39m[33m;[39m
[31m[1m>[22m[39m[90m  8 |[39m   [36mawait[39m [36mimport[39m([32m'leaflet/dist/leaflet.css'[39m)[33m;[39m
 [90m    |[39m                [31m[1m^[22m[39m
 [90m  9 |[39m   [36mawait[39m [36mimport[39m([32m'leaflet-draw/dist/leaflet.draw.css'[39m)[33m;[39m
 [90m 10 |[39m   [36mawait[39m [36mimport[39m([32m'leaflet-draw'[39m)[33m;[39m
 [90m 11 |[39m   [36mreturn[39m [33mL[39m[33m;[39m[0m
Next.js build worker exited with code: 1 and signal: null
